src/app/[locale]/admin/crm/firmalar/[firmaId]/actions.ts(179,19): error TS2345: Argument of type 'PostgrestBuilder<{ PostgrestVersion: "13.0.5"; }, { adres: string | null; created_at: string; created_by: string | null; email: string | null; etiketler: string[] | null; facebook_url: string | null; ... 35 more ...; yetkili_kisi: string | null; }, false>' is not assignable to parameter of type 'Promise<any>'.
  Type 'PostgrestBuilder<{ PostgrestVersion: "13.0.5"; }, { adres: string | null; created_at: string; created_by: string | null; email: string | null; etiketler: string[] | null; facebook_url: string | null; ... 35 more ...; yetkili_kisi: string | null; }, false>' is missing the following properties from type 'Promise<any>': catch, finally, [Symbol.toStringTag]
src/app/[locale]/admin/crm/firmalar/[firmaId]/actions.ts(190,23): error TS2345: Argument of type 'PostgrestFilterBuilder<{ PostgrestVersion: "13.0.5"; }, { Tables: { sirket_resmi_bilgiler: { Row: { id: string; kategori: string; baslik: string; deger: string; sira: number; onemli_mi: boolean | null; created_at: string; updated_at: string; }; Insert: { ...; }; Update: { ...; }; Relationships: []; }; ... 49 more .....' is not assignable to parameter of type 'Promise<any>'.
  Type 'PostgrestFilterBuilder<{ PostgrestVersion: "13.0.5"; }, { Tables: { sirket_resmi_bilgiler: { Row: { id: string; kategori: string; baslik: string; deger: string; sira: number; onemli_mi: boolean | null; created_at: string; updated_at: string; }; Insert: { ...; }; Update: { ...; }; Relationships: []; }; ... 49 more .....' is missing the following properties from type 'Promise<any>': catch, finally, [Symbol.toStringTag]
src/app/[locale]/admin/crm/firmalar/[firmaId]/siparisler/yeni/page.tsx(94,17): error TS2322: Type '{ firmaId: string; firmenListe: Pick<{ adres: string | null; created_at: string; created_by: string | null; email: string | null; etiketler: string[] | null; facebook_url: string | null; ... 35 more ...; yetkili_kisi: string | null; }, "id" | "unvan">[] | null; varsayilanTeslimatAdresi: string; urunler: ProductOptio...' is not assignable to type 'IntrinsicAttributes & YeniSiparisFormuProps'.
  Property 'firmenListe' does not exist on type 'IntrinsicAttributes & YeniSiparisFormuProps'.
